- added blur

✦ ❯ python train.py --annotation_file data/wider_face_split/wider_face_train_bbx_gt.txt --image_dir data/WIDER_train/images/ --val_annotation_file data/wider_face_split/wider_face_val_bbx_gt.txt --val_image_dir data/WIDER_val/images/ --max_images 4000 --max_val_images 1000 --hidden_sizes 1024 --epochs 20 --selection_metric "f1" --patience 5 --learning_rate 0.0005
Initializing ACF detector...
Configuration:
  - Window size: [64, 64]
  - Hidden layers: [1024]
  - Feature resolution: 16x16
  - Feature vector size: 2560
  - Learning rate: 0.0005
  - Batch size: 32
  - Epochs: 20
  - Selection Metric: f1
  - Positive IoU: 0.5
  - Negative IoU: 0.3
  - Hard Negative IoU Range: (0.1, 0.3)
  - Number of negatives per positive: 3

Starting training...
Loading annotations...
Loading cached features from cache/train_4000_val_1000_res_16_win_64x64_pos0.5_neg0.3_hard0.1-0.3_ratio3.pkl...
Using cached preprocessed features!
Loaded 268020 training samples from cache
Positive samples: 67005
Negative samples: 201015
Loaded 75704 validation samples from cache
Positive validation samples: 18926
Negative validation samples: 56778
Any NaN: False
Any Inf: False
Feature range L:    [0.0, 255.0]
Feature range U:    [0.0, 255.0]
Feature range V:    [0.0, 255.0]
Feature range mag:  [0.0, 255.0]
Feature range hog1: [0.0, 255.0]
Feature range hog2: [0.0, 255.0]
Feature range hog3: [0.0, 255.0]
Feature range hog4: [0.0, 255.0]
Feature range hog5: [0.0, 255.0]
Feature range hog6: [0.0, 255.0]
[[[[62.59688   43.680313  62.59688   14.2270565  2.9890497  2.2314117
     2.4140277  2.8414674  2.2215295  2.521969 ]]]] [[[[70.76204   47.57464   63.459423  16.59607    6.5150857  5.5476513
     5.8236566  6.235745   5.5242815  6.076946 ]]]]
Feature range L:    [-0.8846110701560974, 23.883344650268555]
Feature range U:    [-0.8846110701560974, 34.264129638671875]
Feature range V:    [-0.8846110701560974, 30.985336303710938]
Feature range mag:  [-0.8846110701560974, 30.472450256347656]
Feature range hog1: [-0.8846110701560974, 27.416439056396484]
Feature range hog2: [-0.8846110701560974, 33.67741775512695]
Feature range hog3: [-0.8846110701560974, 30.83078384399414]
Feature range hog4: [-0.8846110701560974, 29.905349731445312]
Feature range hog5: [-0.8846110701560974, 30.097702026367188]
Feature range hog6: [-0.8846110701560974, 29.257728576660156]
T ┬ Epoch 1/20: 100%|███████████████████████████████████████████| 8376/8376 [04:21<00:00, 32.08it/s]
  ├ Train Loss: 0.4148, Train Accuracy: 83.03%
  ├ Precision: 0.6263, Recall: 0.7970
  ├ F1: 0.7014, F-beta: 0.6543
  └ Pos accuracy: 79.70%, Neg accuracy: 84.14%
V ┬ Epoch 1/20: 100%|██████████████████████████████████████████| 2366/2366 [00:05<00:00, 463.78it/s]
  ├ Val Loss: 0.3775, Val Accuracy: 84.97%
  ├ Precision: 0.6601, Recall: 0.8222
  ├ F1: 0.7323, F-beta: 0.6872 mAP: 0.8368
  └ Pos accuracy: 82.22%, Neg accuracy: 85.89%
  → New best f1: 0.7323
T ┬ Epoch 2/20: 100%|███████████████████████████████████████████| 8376/8376 [05:24<00:00, 25.83it/s]
  ├ Train Loss: 0.3688, Train Accuracy: 85.99%
  ├ Precision: 0.6825, Recall: 0.8219
  ├ F1: 0.7457, F-beta: 0.7065
  └ Pos accuracy: 82.19%, Neg accuracy: 87.25%
V ┬ Epoch 2/20: 100%|██████████████████████████████████████████| 2366/2366 [00:03<00:00, 745.36it/s]
  ├ Val Loss: 0.3523, Val Accuracy: 86.66%
  ├ Precision: 0.6988, Recall: 0.8197
  ├ F1: 0.7544, F-beta: 0.7200 mAP: 0.8508
  └ Pos accuracy: 81.97%, Neg accuracy: 88.22%
  → New best f1: 0.7544
T ┬ Epoch 3/20: 100%|███████████████████████████████████████████| 8376/8376 [06:04<00:00, 22.98it/s]
  ├ Train Loss: 0.3460, Train Accuracy: 87.09%
  ├ Precision: 0.7043, Recall: 0.8338
  ├ F1: 0.7636, F-beta: 0.7268
  └ Pos accuracy: 83.38%, Neg accuracy: 88.33%
V ┬ Epoch 3/20: 100%|██████████████████████████████████████████| 2366/2366 [00:03<00:00, 764.60it/s]
  ├ Val Loss: 0.3561, Val Accuracy: 86.32%
  ├ Precision: 0.6846, Recall: 0.8399
  ├ F1: 0.7543, F-beta: 0.7109 mAP: 0.8626
  └ Pos accuracy: 83.99%, Neg accuracy: 87.10%
  → No improvement for 1 epoch(s)
T ┬ Epoch 4/20: 100%|███████████████████████████████████████████| 8376/8376 [05:29<00:00, 25.42it/s]
  ├ Train Loss: 0.3291, Train Accuracy: 88.02%
  ├ Precision: 0.7240, Recall: 0.8420
  ├ F1: 0.7785, F-beta: 0.7449
  └ Pos accuracy: 84.20%, Neg accuracy: 89.30%
V ┬ Epoch 4/20: 100%|██████████████████████████████████████████| 2366/2366 [00:03<00:00, 746.63it/s]
  ├ Val Loss: 0.3558, Val Accuracy: 87.46%
  ├ Precision: 0.7157, Recall: 0.8269
  ├ F1: 0.7673, F-beta: 0.7355 mAP: 0.8666
  └ Pos accuracy: 82.69%, Neg accuracy: 89.05%
  → New best f1: 0.7673
T ┬ Epoch 5/20: 100%|███████████████████████████████████████████| 8376/8376 [05:42<00:00, 24.44it/s]
  ├ Train Loss: 0.3131, Train Accuracy: 88.78%
  ├ Precision: 0.7382, Recall: 0.8543
  ├ F1: 0.7920, F-beta: 0.7588
  └ Pos accuracy: 85.43%, Neg accuracy: 89.90%
V ┬ Epoch 5/20: 100%|██████████████████████████████████████████| 2366/2366 [00:03<00:00, 768.15it/s]
  ├ Val Loss: 0.3647, Val Accuracy: 88.32%
  ├ Precision: 0.7418, Recall: 0.8173
  ├ F1: 0.7777, F-beta: 0.7557 mAP: 0.8690
  └ Pos accuracy: 81.73%, Neg accuracy: 90.52%
  → New best f1: 0.7777
T ┬ Epoch 6/20: 100%|███████████████████████████████████████████| 8376/8376 [05:59<00:00, 23.27it/s]
  ├ Train Loss: 0.2990, Train Accuracy: 89.44%
  ├ Precision: 0.7516, Recall: 0.8627
  ├ F1: 0.8033, F-beta: 0.7715
  └ Pos accuracy: 86.27%, Neg accuracy: 90.50%
V ┬ Epoch 6/20: 100%|██████████████████████████████████████████| 2366/2366 [00:03<00:00, 744.01it/s]
  ├ Val Loss: 0.3794, Val Accuracy: 89.19%
  ├ Precision: 0.7806, Recall: 0.7894
  ├ F1: 0.7850, F-beta: 0.7823 mAP: 0.8695
  └ Pos accuracy: 78.94%, Neg accuracy: 92.60%
  → New best f1: 0.7850
T ┬ Epoch 7/20: 100%|███████████████████████████████████████████| 8376/8376 [06:31<00:00, 21.42it/s]
  ├ Train Loss: 0.2871, Train Accuracy: 90.01%
  ├ Precision: 0.7643, Recall: 0.8683
  ├ F1: 0.8130, F-beta: 0.7831
  └ Pos accuracy: 86.83%, Neg accuracy: 91.08%
V ┬ Epoch 7/20: 100%|██████████████████████████████████████████| 2366/2366 [00:03<00:00, 773.88it/s]
  ├ Val Loss: 0.3707, Val Accuracy: 88.58%
  ├ Precision: 0.7471, Recall: 0.8214
  ├ F1: 0.7825, F-beta: 0.7608 mAP: 0.8716
  └ Pos accuracy: 82.14%, Neg accuracy: 90.73%
  → No improvement for 1 epoch(s)
T ┬ Epoch 8/20: 100%|███████████████████████████████████████████| 8376/8376 [07:15<00:00, 19.23it/s]
  ├ Train Loss: 0.2752, Train Accuracy: 90.47%
  ├ Precision: 0.7733, Recall: 0.8752
  ├ F1: 0.8211, F-beta: 0.7918
  └ Pos accuracy: 87.52%, Neg accuracy: 91.45%
V ┬ Epoch 8/20: 100%|██████████████████████████████████████████| 2366/2366 [00:03<00:00, 766.39it/s]
  ├ Val Loss: 0.3900, Val Accuracy: 88.17%
  ├ Precision: 0.7348, Recall: 0.8239
  ├ F1: 0.7768, F-beta: 0.7511 mAP: 0.8696
  └ Pos accuracy: 82.39%, Neg accuracy: 90.09%
  → No improvement for 2 epoch(s)
T ┬ Epoch 9/20: 100%|███████████████████████████████████████████| 8376/8376 [07:55<00:00, 17.60it/s]
  ├ Train Loss: 0.2629, Train Accuracy: 91.01%
  ├ Precision: 0.7853, Recall: 0.8810
  ├ F1: 0.8304, F-beta: 0.8028
  └ Pos accuracy: 88.10%, Neg accuracy: 91.97%
V ┬ Epoch 9/20: 100%|██████████████████████████████████████████| 2366/2366 [00:03<00:00, 767.41it/s]
  ├ Val Loss: 0.4221, Val Accuracy: 87.04%
  ├ Precision: 0.7010, Recall: 0.8397
  ├ F1: 0.7641, F-beta: 0.7249 mAP: 0.8700
  └ Pos accuracy: 83.97%, Neg accuracy: 88.06%
  → No improvement for 3 epoch(s)
T ┬ Epoch 10/20: 100%|██████████████████████████████████████████| 8376/8376 [07:54<00:00, 17.64it/s]
  ├ Train Loss: 0.2543, Train Accuracy: 91.37%
  ├ Precision: 0.7934, Recall: 0.8854
  ├ F1: 0.8369, F-beta: 0.8102
  └ Pos accuracy: 88.54%, Neg accuracy: 92.32%
V ┬ Epoch 10/20: 100%|█████████████████████████████████████████| 2366/2366 [00:03<00:00, 757.13it/s]
  ├ Val Loss: 0.4350, Val Accuracy: 86.15%
  ├ Precision: 0.6795, Recall: 0.8445
  ├ F1: 0.7530, F-beta: 0.7071 mAP: 0.8656
  └ Pos accuracy: 84.45%, Neg accuracy: 86.72%
  → No improvement for 4 epoch(s)
T ┬ Epoch 11/20: 100%|██████████████████████████████████████████| 8376/8376 [08:40<00:00, 16.08it/s]
  ├ Train Loss: 0.2434, Train Accuracy: 91.76%
  ├ Precision: 0.8024, Recall: 0.8897
  ├ F1: 0.8438, F-beta: 0.8185
  └ Pos accuracy: 88.97%, Neg accuracy: 92.70%
V ┬ Epoch 11/20: 100%|█████████████████████████████████████████| 2366/2366 [00:03<00:00, 775.64it/s]
  ├ Val Loss: 0.4541, Val Accuracy: 88.65%
  ├ Precision: 0.7528, Recall: 0.8131
  ├ F1: 0.7818, F-beta: 0.7641 mAP: 0.8693
  └ Pos accuracy: 81.31%, Neg accuracy: 91.10%
  → No improvement for 5 epoch(s)

Early stopping triggered after 11 epochs!
Restoring best model (f1=0.7850)
Training complete!
Final training accuracy: 94.28%
Model saved to models/acf_w64x64_h1024_r16_lr0.0005_e20.pkl

Training complete! Model saved to models/acf_w64x64_h1024_r16_lr0.0005_e20.pkl
