$ python train.py --annotation_file data/wider_face_split/wider_face_train_bbx_gt.txt --image_dir data/WIDER_train/images/ --val_annotation_file data/wider_face_split/wider_face_val_bbx_gt.txt --val_image_dir data/WIDER_val/images/ --max_images 6000 --max_val_images 1500 --hidden_sizes 512 256 128 64
Initializing ACF detector...
Configuration:
  - Window size: [64, 64]
  - Hidden layers: [512, 256, 128, 64]
  - Feature resolution: 16x16
  - Feature vector size: 2560
  - Learning rate: 0.001
  - Batch size: 32
  - Epochs: 10

Starting training...
Loading annotations...
Cache miss - extracting features from 6000 images...
Processing images: 100%|██████████████████████████████████████████████████████████████████████████████████████████████████████████████████████████████████████████████████████| 6000/6000 [1:40:39<00:00,  1.01s/it]

Training classifier on 354104 samples...
Positive samples: 88526
Negative samples: 265578

Loading validation data...
Extracting features from 1500 validation images...
Processing validation images: 100%|█████████████████████████████████████████████████████████████████████████████████████████████████████████████████████████████████████████████| 1500/1500 [24:27<00:00,  1.02it/s]
Validation samples: 96956
Positive validation samples: 24239
Negative validation samples: 72717
Cached preprocessed features to cache/train_6000_val_1500_res_16_win_64x64.pkl
Feature range: [0.0, 255.0]
Feature mean: 39.3557243347168, std: 57.914894104003906
Any NaN: False
Any Inf: False
Feature range, normalized: [-9.088333129882812, 32.26054382324219]
[TRAIN] Epoch 1/10: 100%|████████████| 11066/11066 [03:26<00:00, 53.52it/s, loss=0.0932, acc=87.68%]
[TRAIN] Epoch 1/10 - Loss: 0.3293, Accuracy: 87.68%
  Pos accuracy: 62.98%, Neg accuracy: 95.91%
[VAL] Epoch 1/10: 100%|███████████████| 3030/3030 [00:03<00:00, 819.08it/s, loss=0.0813, acc=88.78%]
 - Val Loss: 0.2978, Val Accuracy: 88.78%

  Pos accuracy: 100.00%, Neg accuracy: 0.00%
  → New best validation loss: 0.2978
[TRAIN] Epoch 2/10: 100%|████████████| 11066/11066 [02:33<00:00, 72.24it/s, loss=0.1561, acc=89.24%]
[TRAIN] Epoch 2/10 - Loss: 0.2990, Accuracy: 89.24%
  Pos accuracy: 67.13%, Neg accuracy: 96.60%
[VAL] Epoch 2/10: 100%|███████████████| 3030/3030 [00:04<00:00, 719.81it/s, loss=0.0249, acc=88.82%]
 - Val Loss: 0.2859, Val Accuracy: 88.82%

  Pos accuracy: 100.00%, Neg accuracy: 0.00%
  → New best validation loss: 0.2859
[TRAIN] Epoch 3/10: 100%|████████████| 11066/11066 [01:57<00:00, 94.37it/s, loss=0.2155, acc=89.84%]
[TRAIN] Epoch 3/10 - Loss: 0.2879, Accuracy: 89.84%
  Pos accuracy: 68.31%, Neg accuracy: 97.01%
[VAL] Epoch 3/10: 100%|███████████████| 3030/3030 [00:13<00:00, 231.24it/s, loss=0.0433, acc=89.52%]
 - Val Loss: 0.2735, Val Accuracy: 89.52%

  Pos accuracy: 100.00%, Neg accuracy: 0.00%
  → New best validation loss: 0.2735
[TRAIN] Epoch 4/10: 100%|████████████| 11066/11066 [02:02<00:00, 90.41it/s, loss=0.1533, acc=90.25%]
[TRAIN] Epoch 4/10 - Loss: 0.2791, Accuracy: 90.25%
  Pos accuracy: 69.51%, Neg accuracy: 97.16%
[VAL] Epoch 4/10: 100%|███████████████| 3030/3030 [00:04<00:00, 730.00it/s, loss=0.0371, acc=89.46%]
 - Val Loss: 0.2836, Val Accuracy: 89.46%

  Pos accuracy: 100.00%, Neg accuracy: 0.00%
  → No improvement for 1 epoch(s)
[TRAIN] Epoch 5/10: 100%|████████████| 11066/11066 [03:20<00:00, 55.10it/s, loss=0.2549, acc=90.46%]
[TRAIN] Epoch 5/10 - Loss: 0.2768, Accuracy: 90.46%
  Pos accuracy: 69.95%, Neg accuracy: 97.30%
[VAL] Epoch 5/10: 100%|███████████████| 3030/3030 [00:13<00:00, 229.73it/s, loss=0.0188, acc=89.95%]
 - Val Loss: 0.2739, Val Accuracy: 89.95%

  Pos accuracy: 100.00%, Neg accuracy: 0.00%
  → No improvement for 2 epoch(s)
[TRAIN] Epoch 6/10: 100%|████████████| 11066/11066 [04:05<00:00, 44.99it/s, loss=0.1669, acc=90.85%]
[TRAIN] Epoch 6/10 - Loss: 0.2687, Accuracy: 90.85%
  Pos accuracy: 71.36%, Neg accuracy: 97.34%
[VAL] Epoch 6/10: 100%|███████████████| 3030/3030 [00:04<00:00, 695.97it/s, loss=0.0624, acc=89.73%]
 - Val Loss: 0.2735, Val Accuracy: 89.73%

  Pos accuracy: 100.00%, Neg accuracy: 0.00%
  → New best validation loss: 0.2735
[TRAIN] Epoch 7/10: 100%|███████████| 11066/11066 [01:50<00:00, 100.03it/s, loss=0.3175, acc=91.00%]
[TRAIN] Epoch 7/10 - Loss: 0.2675, Accuracy: 91.00%
  Pos accuracy: 71.26%, Neg accuracy: 97.58%
[VAL] Epoch 7/10: 100%|███████████████| 3030/3030 [00:04<00:00, 627.15it/s, loss=0.0108, acc=89.52%]
 - Val Loss: 0.2814, Val Accuracy: 89.52%

  Pos accuracy: 100.00%, Neg accuracy: 0.00%
  → No improvement for 1 epoch(s)
[TRAIN] Epoch 8/10: 100%|████████████| 11066/11066 [03:02<00:00, 60.54it/s, loss=0.2453, acc=91.18%]
[TRAIN] Epoch 8/10 - Loss: 0.2638, Accuracy: 91.18%
  Pos accuracy: 71.44%, Neg accuracy: 97.76%
[VAL] Epoch 8/10: 100%|███████████████| 3030/3030 [00:04<00:00, 738.87it/s, loss=0.0137, acc=89.68%]
 - Val Loss: 0.2905, Val Accuracy: 89.68%

  Pos accuracy: 100.00%, Neg accuracy: 0.00%
  → No improvement for 2 epoch(s)
[TRAIN] Epoch 9/10: 100%|████████████| 11066/11066 [02:39<00:00, 69.45it/s, loss=0.3698, acc=91.49%]
[TRAIN] Epoch 9/10 - Loss: 0.2601, Accuracy: 91.49%
  Pos accuracy: 72.57%, Neg accuracy: 97.80%
[VAL] Epoch 9/10: 100%|███████████████| 3030/3030 [00:03<00:00, 788.20it/s, loss=0.0086, acc=90.17%]
 - Val Loss: 0.2760, Val Accuracy: 90.17%

  Pos accuracy: 100.00%, Neg accuracy: 0.00%
  → No improvement for 3 epoch(s)

Early stopping triggered after 9 epochs!
Restoring best model (val_loss=0.2735)
Training complete!
Final training accuracy: 92.86%
Model saved to models/acf_detector.pkl

Training complete! Model saved to models/acf_detector.pkl
