# I AM LOSING MY MIND

$ python train.py --annotation_file data/wider_face_split/wider_face_train_bbx_gt.txt --image_dir data/WIDER_train/images/ --val_annotation_file data/wider_face_split/wider_face_val_bbx_gt.txt --val_image_dir data/WIDER_val/images/ --max_images 3000 --max_val_images 750 --hidden_sizes 512 256 128 64 --window_size 128 128 --feature_resolution 64 --epochs 50 --selection_metric "precision" --patience 10
Initializing ACF detector...
Configuration:
  - Window size: [128, 128]
  - Hidden layers: [512, 256, 128, 64]
  - Feature resolution: 64x64
  - Feature vector size: 40960
  - Learning rate: 0.001
  - Batch size: 32
  - Epochs: 50

Starting training...
Loading annotations...
Loading cached features from cache/train_3000_val_750_res_64_win_128x128.pkl...
Using cached preprocessed features!
Loaded 7944 training samples from cache
Positive samples: 1986
Negative samples: 5958
Loaded 1880 validation samples from cache
Positive validation samples: 470
Negative validation samples: 1410
Any NaN: False
Any Inf: False
Feature range L:    [0.0, 255.0]
Feature range U:    [0.0, 255.0]
Feature range V:    [0.0, 255.0]
Feature range mag:  [0.0, 255.0]
Feature range hog1: [0.0, 255.0]
Feature range hog2: [0.0, 255.0]
Feature range hog3: [0.0, 255.0]
Feature range hog4: [0.0, 255.0]
Feature range hog5: [0.0, 255.0]
Feature range hog6: [0.0, 255.0]
[[[[112.94432    79.40116   131.99597    12.479657    2.6472273
      2.0272052   2.1881711   2.536525    2.0317383   2.2479336]]]] [[[[64.82176   32.601208  21.295616  16.498335   7.545785   6.759085
     7.1029854  7.3019037  6.77087    7.283845 ]]]]
Feature range L:    [-5.869563579559326, 25.501298904418945]
Feature range U:    [-5.869563579559326, 30.8764705657959]
Feature range V:    [-5.834344863891602, 32.26679229736328]
Feature range mag:  [-5.822605609893799, 30.74541473388672]
Feature range hog1: [-5.799126625061035, 30.434589385986328]
Feature range hog2: [-5.787386894226074, 34.624427795410156]
Feature range hog3: [-5.810865879058838, 33.67857360839844]
Feature range hog4: [-5.8460845947265625, 30.0104923248291]
Feature range hog5: [-5.869563579559326, 29.628599166870117]
Feature range hog6: [-5.8460845947265625, 29.389759063720703]
T ┬ Epoch 1/50: 100%|█████████████████████████████████████████████| 249/249 [00:31<00:00,  7.96it/s]
  ├ Train Loss: 0.5225, Train Accuracy: 74.30%
  ├ Precision: 0.4910, Recall: 0.7649, F1: 0.5980, F-beta: 0.5288
  └ Pos accuracy: 76.49%, Neg accuracy: 73.56%
V ┬ Epoch 1/50: 100%|███████████████████████████████████████████████| 59/59 [00:00<00:00, 77.49it/s]
  ├ Val Loss: 0.3806, Val Accuracy: 82.77%
  ├ Precision: 0.6130, Recall: 0.8426, F1: 0.7097, F-beta: 0.6483
  └ Pos accuracy: 84.26%, Neg accuracy: 82.27%
  → New best precision: 0.6130
T ┬ Epoch 2/50: 100%|█████████████████████████████████████████████| 249/249 [00:27<00:00,  9.04it/s]
  ├ Train Loss: 0.3633, Train Accuracy: 86.48%
  ├ Precision: 0.6921, Recall: 0.8273, F1: 0.7537, F-beta: 0.7155
  └ Pos accuracy: 82.73%, Neg accuracy: 87.73%
V ┬ Epoch 2/50: 100%|███████████████████████████████████████████████| 59/59 [00:00<00:00, 70.78it/s]
  ├ Val Loss: 0.3727, Val Accuracy: 80.43%
  ├ Precision: 0.5691, Recall: 0.8936, F1: 0.6954, F-beta: 0.6137
  └ Pos accuracy: 89.36%, Neg accuracy: 77.45%
  → No improvement for 1 epoch(s)
T ┬ Epoch 3/50: 100%|█████████████████████████████████████████████| 249/249 [00:29<00:00,  8.42it/s]
  ├ Train Loss: 0.2812, Train Accuracy: 89.78%
  ├ Precision: 0.7554, Recall: 0.8741, F1: 0.8105, F-beta: 0.7765
  └ Pos accuracy: 87.41%, Neg accuracy: 90.57%
V ┬ Epoch 3/50: 100%|███████████████████████████████████████████████| 59/59 [00:00<00:00, 85.45it/s]
  ├ Val Loss: 0.4363, Val Accuracy: 87.18%
  ├ Precision: 0.7585, Recall: 0.7149, F1: 0.7360, F-beta: 0.7493
  └ Pos accuracy: 71.49%, Neg accuracy: 92.41%
  → New best precision: 0.7585
T ┬ Epoch 4/50: 100%|█████████████████████████████████████████████| 249/249 [00:27<00:00,  9.01it/s]
  ├ Train Loss: 0.2133, Train Accuracy: 92.61%
  ├ Precision: 0.8138, Recall: 0.9134, F1: 0.8607, F-beta: 0.8320
  └ Pos accuracy: 91.34%, Neg accuracy: 93.03%
V ┬ Epoch 4/50: 100%|███████████████████████████████████████████████| 59/59 [00:00<00:00, 73.08it/s]
  ├ Val Loss: 0.4425, Val Accuracy: 87.50%
  ├ Precision: 0.7484, Recall: 0.7532, F1: 0.7508, F-beta: 0.7494
  └ Pos accuracy: 75.32%, Neg accuracy: 91.56%
  → No improvement for 1 epoch(s)
T ┬ Epoch 5/50: 100%|█████████████████████████████████████████████| 249/249 [00:31<00:00,  7.92it/s]
  ├ Train Loss: 0.1754, Train Accuracy: 93.88%
  ├ Precision: 0.8444, Recall: 0.9260, F1: 0.8833, F-beta: 0.8595
  └ Pos accuracy: 92.60%, Neg accuracy: 94.31%
V ┬ Epoch 5/50: 100%|███████████████████████████████████████████████| 59/59 [00:00<00:00, 77.39it/s]
  ├ Val Loss: 0.4196, Val Accuracy: 84.36%
  ├ Precision: 0.6438, Recall: 0.8383, F1: 0.7283, F-beta: 0.6751
  └ Pos accuracy: 83.83%, Neg accuracy: 84.54%
  → No improvement for 2 epoch(s)
T ┬ Epoch 6/50: 100%|█████████████████████████████████████████████| 249/249 [00:32<00:00,  7.68it/s]
  ├ Train Loss: 0.1491, Train Accuracy: 94.89%
  ├ Precision: 0.8664, Recall: 0.9406, F1: 0.9020, F-beta: 0.8803
  └ Pos accuracy: 94.06%, Neg accuracy: 95.17%
V ┬ Epoch 6/50: 100%|███████████████████████████████████████████████| 59/59 [00:00<00:00, 75.82it/s]
  ├ Val Loss: 0.5748, Val Accuracy: 83.30%
  ├ Precision: 0.6309, Recall: 0.8000, F1: 0.7054, F-beta: 0.6587
  └ Pos accuracy: 80.00%, Neg accuracy: 84.40%
  → No improvement for 3 epoch(s)
T ┬ Epoch 7/50: 100%|█████████████████████████████████████████████| 249/249 [00:36<00:00,  6.81it/s]
  ├ Train Loss: 0.1285, Train Accuracy: 95.54%
  ├ Precision: 0.8835, Recall: 0.9466, F1: 0.9140, F-beta: 0.8954
  └ Pos accuracy: 94.66%, Neg accuracy: 95.84%
V ┬ Epoch 7/50: 100%|███████████████████████████████████████████████| 59/59 [00:00<00:00, 75.59it/s]
  ├ Val Loss: 0.5050, Val Accuracy: 86.49%
  ├ Precision: 0.7061, Recall: 0.7872, F1: 0.7445, F-beta: 0.7210
  └ Pos accuracy: 78.72%, Neg accuracy: 89.08%
  → No improvement for 4 epoch(s)
T ┬ Epoch 8/50: 100%|█████████████████████████████████████████████| 249/249 [00:29<00:00,  8.58it/s]
  ├ Train Loss: 0.1107, Train Accuracy: 96.32%
  ├ Precision: 0.9010, Recall: 0.9582, F1: 0.9287, F-beta: 0.9119
  └ Pos accuracy: 95.82%, Neg accuracy: 96.49%
V ┬ Epoch 8/50: 100%|███████████████████████████████████████████████| 59/59 [00:00<00:00, 87.86it/s]
  ├ Val Loss: 0.5436, Val Accuracy: 84.10%
  ├ Precision: 0.6399, Recall: 0.8319, F1: 0.7234, F-beta: 0.6709
  └ Pos accuracy: 83.19%, Neg accuracy: 84.40%
  → No improvement for 5 epoch(s)
T ┬ Epoch 9/50: 100%|█████████████████████████████████████████████| 249/249 [00:26<00:00,  9.47it/s]
  ├ Train Loss: 0.1085, Train Accuracy: 96.44%
  ├ Precision: 0.9068, Recall: 0.9557, F1: 0.9306, F-beta: 0.9162
  └ Pos accuracy: 95.57%, Neg accuracy: 96.73%
V ┬ Epoch 9/50: 100%|███████████████████████████████████████████████| 59/59 [00:00<00:00, 89.02it/s]
  ├ Val Loss: 0.7174, Val Accuracy: 87.77%
  ├ Precision: 0.7871, Recall: 0.7000, F1: 0.7410, F-beta: 0.7680
  └ Pos accuracy: 70.00%, Neg accuracy: 93.69%
  → New best precision: 0.7871
T ┬ Epoch 10/50: 100%|████████████████████████████████████████████| 249/249 [00:23<00:00, 10.53it/s]
  ├ Train Loss: 0.0937, Train Accuracy: 96.97%
  ├ Precision: 0.9205, Recall: 0.9617, F1: 0.9407, F-beta: 0.9284
  └ Pos accuracy: 96.17%, Neg accuracy: 97.23%
V ┬ Epoch 10/50: 100%|██████████████████████████████████████████████| 59/59 [00:00<00:00, 89.91it/s]
  ├ Val Loss: 0.6002, Val Accuracy: 86.17%
  ├ Precision: 0.7019, Recall: 0.7766, F1: 0.7374, F-beta: 0.7157
  └ Pos accuracy: 77.66%, Neg accuracy: 89.01%
  → No improvement for 1 epoch(s)
T ┬ Epoch 11/50: 100%|████████████████████████████████████████████| 249/249 [00:27<00:00,  8.98it/s]
  ├ Train Loss: 0.0749, Train Accuracy: 97.52%
  ├ Precision: 0.9332, Recall: 0.9703, F1: 0.9514, F-beta: 0.9404
  └ Pos accuracy: 97.03%, Neg accuracy: 97.68%
V ┬ Epoch 11/50: 100%|██████████████████████████████████████████████| 59/59 [00:00<00:00, 85.37it/s]
  ├ Val Loss: 0.6880, Val Accuracy: 87.66%
  ├ Precision: 0.7610, Recall: 0.7383, F1: 0.7495, F-beta: 0.7563
  └ Pos accuracy: 73.83%, Neg accuracy: 92.27%
  → No improvement for 2 epoch(s)
T ┬ Epoch 12/50: 100%|████████████████████████████████████████████| 249/249 [00:27<00:00,  8.90it/s]
  ├ Train Loss: 0.0901, Train Accuracy: 96.89%
  ├ Precision: 0.9150, Recall: 0.9653, F1: 0.9395, F-beta: 0.9247
  └ Pos accuracy: 96.53%, Neg accuracy: 97.01%
V ┬ Epoch 12/50: 100%|██████████████████████████████████████████████| 59/59 [00:00<00:00, 85.88it/s]
  ├ Val Loss: 0.7584, Val Accuracy: 86.91%
  ├ Precision: 0.7445, Recall: 0.7255, F1: 0.7349, F-beta: 0.7407
  └ Pos accuracy: 72.55%, Neg accuracy: 91.70%
  → No improvement for 3 epoch(s)
T ┬ Epoch 13/50: 100%|████████████████████████████████████████████| 249/249 [00:29<00:00,  8.53it/s]
  ├ Train Loss: 0.0671, Train Accuracy: 97.65%
  ├ Precision: 0.9343, Recall: 0.9743, F1: 0.9539, F-beta: 0.9421
  └ Pos accuracy: 97.43%, Neg accuracy: 97.72%
V ┬ Epoch 13/50: 100%|██████████████████████████████████████████████| 59/59 [00:00<00:00, 87.73it/s]
  ├ Val Loss: 0.7869, Val Accuracy: 86.86%
  ├ Precision: 0.7398, Recall: 0.7319, F1: 0.7358, F-beta: 0.7382
  └ Pos accuracy: 73.19%, Neg accuracy: 91.42%
  → No improvement for 4 epoch(s)
T ┬ Epoch 14/50: 100%|████████████████████████████████████████████| 249/249 [00:25<00:00,  9.78it/s]
  ├ Train Loss: 0.0782, Train Accuracy: 97.76%
  ├ Precision: 0.9431, Recall: 0.9688, F1: 0.9558, F-beta: 0.9482
  └ Pos accuracy: 96.88%, Neg accuracy: 98.05%
V ┬ Epoch 14/50: 100%|██████████████████████████████████████████████| 59/59 [00:00<00:00, 89.83it/s]
  ├ Val Loss: 0.7567, Val Accuracy: 88.40%
  ├ Precision: 0.7864, Recall: 0.7362, F1: 0.7604, F-beta: 0.7758
  └ Pos accuracy: 73.62%, Neg accuracy: 93.33%
  → No improvement for 5 epoch(s)
T ┬ Epoch 15/50: 100%|████████████████████████████████████████████| 249/249 [00:25<00:00,  9.64it/s]
  ├ Train Loss: 0.0662, Train Accuracy: 97.72%
  ├ Precision: 0.9354, Recall: 0.9763, F1: 0.9554, F-beta: 0.9433
  └ Pos accuracy: 97.63%, Neg accuracy: 97.75%
V ┬ Epoch 15/50: 100%|██████████████████████████████████████████████| 59/59 [00:00<00:00, 86.42it/s]
  ├ Val Loss: 0.7231, Val Accuracy: 86.22%
  ├ Precision: 0.7065, Recall: 0.7681, F1: 0.7360, F-beta: 0.7180
  └ Pos accuracy: 76.81%, Neg accuracy: 89.36%
  → No improvement for 6 epoch(s)
T ┬ Epoch 16/50: 100%|████████████████████████████████████████████| 249/249 [00:28<00:00,  8.86it/s]
  ├ Train Loss: 0.0628, Train Accuracy: 98.16%
  ├ Precision: 0.9505, Recall: 0.9773, F1: 0.9638, F-beta: 0.9558
  └ Pos accuracy: 97.73%, Neg accuracy: 98.30%
V ┬ Epoch 16/50: 100%|██████████████████████████████████████████████| 59/59 [00:00<00:00, 74.57it/s]
  ├ Val Loss: 0.8257, Val Accuracy: 87.13%
  ├ Precision: 0.7676, Recall: 0.6957, F1: 0.7299, F-beta: 0.7521
  └ Pos accuracy: 69.57%, Neg accuracy: 92.98%
  → No improvement for 7 epoch(s)
T ┬ Epoch 17/50: 100%|████████████████████████████████████████████| 249/249 [00:27<00:00,  8.89it/s]
  ├ Train Loss: 0.0601, Train Accuracy: 98.15%
  ├ Precision: 0.9488, Recall: 0.9789, F1: 0.9636, F-beta: 0.9546
  └ Pos accuracy: 97.89%, Neg accuracy: 98.24%
V ┬ Epoch 17/50: 100%|██████████████████████████████████████████████| 59/59 [00:00<00:00, 76.20it/s]
  ├ Val Loss: 1.0658, Val Accuracy: 87.98%
  ├ Precision: 0.8526, Recall: 0.6277, F1: 0.7230, F-beta: 0.7956
  └ Pos accuracy: 62.77%, Neg accuracy: 96.38%
  → New best precision: 0.8526
T ┬ Epoch 18/50: 100%|████████████████████████████████████████████| 249/249 [00:32<00:00,  7.68it/s]
  ├ Train Loss: 0.0499, Train Accuracy: 98.36%
  ├ Precision: 0.9509, Recall: 0.9854, F1: 0.9679, F-beta: 0.9576
  └ Pos accuracy: 98.54%, Neg accuracy: 98.30%
V ┬ Epoch 18/50: 100%|██████████████████████████████████████████████| 59/59 [00:00<00:00, 77.10it/s]
  ├ Val Loss: 0.7387, Val Accuracy: 87.23%
  ├ Precision: 0.7478, Recall: 0.7383, F1: 0.7430, F-beta: 0.7459
  └ Pos accuracy: 73.83%, Neg accuracy: 91.70%
  → No improvement for 1 epoch(s)
T ┬ Epoch 19/50: 100%|████████████████████████████████████████████| 249/249 [00:30<00:00,  8.11it/s]
  ├ Train Loss: 0.0528, Train Accuracy: 98.39%
  ├ Precision: 0.9572, Recall: 0.9794, F1: 0.9681, F-beta: 0.9615
  └ Pos accuracy: 97.94%, Neg accuracy: 98.54%
V ┬ Epoch 19/50: 100%|██████████████████████████████████████████████| 59/59 [00:00<00:00, 85.49it/s]
  ├ Val Loss: 1.0468, Val Accuracy: 88.09%
  ├ Precision: 0.8639, Recall: 0.6213, F1: 0.7228, F-beta: 0.8013
  └ Pos accuracy: 62.13%, Neg accuracy: 96.74%
  → New best precision: 0.8639
T ┬ Epoch 20/50: 100%|████████████████████████████████████████████| 249/249 [00:26<00:00,  9.27it/s]
  ├ Train Loss: 0.0500, Train Accuracy: 98.39%
  ├ Precision: 0.9554, Recall: 0.9814, F1: 0.9682, F-beta: 0.9605
  └ Pos accuracy: 98.14%, Neg accuracy: 98.47%
V ┬ Epoch 20/50: 100%|██████████████████████████████████████████████| 59/59 [00:00<00:00, 87.07it/s]
  ├ Val Loss: 0.7973, Val Accuracy: 86.06%
  ├ Precision: 0.6977, Recall: 0.7809, F1: 0.7369, F-beta: 0.7129
  └ Pos accuracy: 78.09%, Neg accuracy: 88.72%
  → No improvement for 1 epoch(s)
T ┬ Epoch 21/50: 100%|████████████████████████████████████████████| 249/249 [00:28<00:00,  8.80it/s]
  ├ Train Loss: 0.0676, Train Accuracy: 98.16%
  ├ Precision: 0.9492, Recall: 0.9789, F1: 0.9638, F-beta: 0.9550
  └ Pos accuracy: 97.89%, Neg accuracy: 98.25%
V ┬ Epoch 21/50: 100%|██████████████████████████████████████████████| 59/59 [00:00<00:00, 84.13it/s]
  ├ Val Loss: 0.7183, Val Accuracy: 87.18%
  ├ Precision: 0.7411, Recall: 0.7489, F1: 0.7450, F-beta: 0.7426
  └ Pos accuracy: 74.89%, Neg accuracy: 91.28%
  → No improvement for 2 epoch(s)
T ┬ Epoch 22/50: 100%|████████████████████████████████████████████| 249/249 [00:26<00:00,  9.23it/s]
  ├ Train Loss: 0.0448, Train Accuracy: 98.65%
  ├ Precision: 0.9640, Recall: 0.9829, F1: 0.9733, F-beta: 0.9677
  └ Pos accuracy: 98.29%, Neg accuracy: 98.77%
V ┬ Epoch 22/50: 100%|██████████████████████████████████████████████| 59/59 [00:00<00:00, 86.66it/s]
  ├ Val Loss: 0.7768, Val Accuracy: 86.33%
  ├ Precision: 0.7109, Recall: 0.7638, F1: 0.7364, F-beta: 0.7209
  └ Pos accuracy: 76.38%, Neg accuracy: 89.65%
  → No improvement for 3 epoch(s)
T ┬ Epoch 23/50: 100%|████████████████████████████████████████████| 249/249 [00:24<00:00, 10.24it/s]
  ├ Train Loss: 0.0418, Train Accuracy: 98.75%
  ├ Precision: 0.9668, Recall: 0.9839, F1: 0.9753, F-beta: 0.9702
  └ Pos accuracy: 98.39%, Neg accuracy: 98.88%
V ┬ Epoch 23/50: 100%|██████████████████████████████████████████████| 59/59 [00:00<00:00, 87.22it/s]
  ├ Val Loss: 0.7401, Val Accuracy: 86.54%
  ├ Precision: 0.7083, Recall: 0.7851, F1: 0.7447, F-beta: 0.7224
  └ Pos accuracy: 78.51%, Neg accuracy: 89.22%
  → No improvement for 4 epoch(s)
T ┬ Epoch 24/50: 100%|████████████████████████████████████████████| 249/249 [00:26<00:00,  9.23it/s]
  ├ Train Loss: 0.0446, Train Accuracy: 98.58%
  ├ Precision: 0.9593, Recall: 0.9849, F1: 0.9719, F-beta: 0.9643
  └ Pos accuracy: 98.49%, Neg accuracy: 98.61%
V ┬ Epoch 24/50: 100%|██████████████████████████████████████████████| 59/59 [00:00<00:00, 85.17it/s]
  ├ Val Loss: 1.0102, Val Accuracy: 87.87%
  ├ Precision: 0.7980, Recall: 0.6894, F1: 0.7397, F-beta: 0.7736
  └ Pos accuracy: 68.94%, Neg accuracy: 94.18%
  → No improvement for 5 epoch(s)
T ┬ Epoch 25/50: 100%|████████████████████████████████████████████| 249/249 [00:28<00:00,  8.76it/s]
  ├ Train Loss: 0.0439, Train Accuracy: 98.64%
  ├ Precision: 0.9630, Recall: 0.9834, F1: 0.9731, F-beta: 0.9670
  └ Pos accuracy: 98.34%, Neg accuracy: 98.74%
V ┬ Epoch 25/50: 100%|██████████████████████████████████████████████| 59/59 [00:00<00:00, 83.78it/s]
  ├ Val Loss: 0.9020, Val Accuracy: 88.19%
  ├ Precision: 0.8229, Recall: 0.6723, F1: 0.7400, F-beta: 0.7876
  └ Pos accuracy: 67.23%, Neg accuracy: 95.18%
  → No improvement for 6 epoch(s)
T ┬ Epoch 26/50: 100%|████████████████████████████████████████████| 249/249 [00:27<00:00,  8.90it/s]
  ├ Train Loss: 0.0396, Train Accuracy: 98.78%
  ├ Precision: 0.9655, Recall: 0.9864, F1: 0.9758, F-beta: 0.9696
  └ Pos accuracy: 98.64%, Neg accuracy: 98.83%
V ┬ Epoch 26/50: 100%|██████████████████████████████████████████████| 59/59 [00:00<00:00, 84.68it/s]
  ├ Val Loss: 0.7318, Val Accuracy: 87.50%
  ├ Precision: 0.7453, Recall: 0.7596, F1: 0.7524, F-beta: 0.7481
  └ Pos accuracy: 75.96%, Neg accuracy: 91.35%
  → No improvement for 7 epoch(s)
T ┬ Epoch 27/50: 100%|████████████████████████████████████████████| 249/249 [00:25<00:00,  9.70it/s]
  ├ Train Loss: 0.0451, Train Accuracy: 98.92%
  ├ Precision: 0.9680, Recall: 0.9894, F1: 0.9786, F-beta: 0.9722
  └ Pos accuracy: 98.94%, Neg accuracy: 98.91%
V ┬ Epoch 27/50: 100%|██████████████████████████████████████████████| 59/59 [00:00<00:00, 87.48it/s]
  ├ Val Loss: 1.3833, Val Accuracy: 86.38%
  ├ Precision: 0.8092, Recall: 0.5957, F1: 0.6863, F-beta: 0.7551
  └ Pos accuracy: 59.57%, Neg accuracy: 95.32%
  → No improvement for 8 epoch(s)
T ┬ Epoch 28/50: 100%|████████████████████████████████████████████| 249/249 [00:23<00:00, 10.60it/s]
  ├ Train Loss: 0.0486, Train Accuracy: 98.33%
  ├ Precision: 0.9535, Recall: 0.9809, F1: 0.9670, F-beta: 0.9588
  └ Pos accuracy: 98.09%, Neg accuracy: 98.41%
V ┬ Epoch 28/50: 100%|██████████████████████████████████████████████| 59/59 [00:00<00:00, 89.30it/s]
  ├ Val Loss: 0.7857, Val Accuracy: 87.13%
  ├ Precision: 0.7308, Recall: 0.7681, F1: 0.7490, F-beta: 0.7379
  └ Pos accuracy: 76.81%, Neg accuracy: 90.57%
  → No improvement for 9 epoch(s)
T ┬ Epoch 29/50: 100%|████████████████████████████████████████████| 249/249 [00:27<00:00,  8.98it/s]
  ├ Train Loss: 0.0394, Train Accuracy: 98.83%
  ├ Precision: 0.9674, Recall: 0.9864, F1: 0.9768, F-beta: 0.9711
  └ Pos accuracy: 98.64%, Neg accuracy: 98.89%
V ┬ Epoch 29/50: 100%|██████████████████████████████████████████████| 59/59 [00:00<00:00, 85.39it/s]
  ├ Val Loss: 0.8279, Val Accuracy: 86.86%
  ├ Precision: 0.7271, Recall: 0.7596, F1: 0.7430, F-beta: 0.7334
  └ Pos accuracy: 75.96%, Neg accuracy: 90.50%
  → No improvement for 10 epoch(s)

Early stopping triggered after 29 epochs!
Restoring best model (precision=0.8639)
Training complete!
Final training accuracy: 99.94%
Model saved to models/acf_detector.pkl

Training complete! Model saved to models/acf_detector.pkl
